Archive member included to satisfy reference by file (symbol)

/usr/lib/gcc/arm-none-eabi/7.1.0/../../../../arm-none-eabi/lib/armv7-m/libc_nano.a(lib_a-atexit.o)
                              /usr/lib/gcc/arm-none-eabi/7.1.0/../../../../arm-none-eabi/lib/armv7-m/crt0.o (atexit)
/usr/lib/gcc/arm-none-eabi/7.1.0/../../../../arm-none-eabi/lib/armv7-m/libc_nano.a(lib_a-exit.o)
                              /usr/lib/gcc/arm-none-eabi/7.1.0/../../../../arm-none-eabi/lib/armv7-m/crt0.o (exit)
/usr/lib/gcc/arm-none-eabi/7.1.0/../../../../arm-none-eabi/lib/armv7-m/libc_nano.a(lib_a-fini.o)
                              /usr/lib/gcc/arm-none-eabi/7.1.0/../../../../arm-none-eabi/lib/armv7-m/crt0.o (__libc_fini_array)
/usr/lib/gcc/arm-none-eabi/7.1.0/../../../../arm-none-eabi/lib/armv7-m/libc_nano.a(lib_a-impure.o)
                              /usr/lib/gcc/arm-none-eabi/7.1.0/../../../../arm-none-eabi/lib/armv7-m/libc_nano.a(lib_a-exit.o) (_global_impure_ptr)
/usr/lib/gcc/arm-none-eabi/7.1.0/../../../../arm-none-eabi/lib/armv7-m/libc_nano.a(lib_a-init.o)
                              /usr/lib/gcc/arm-none-eabi/7.1.0/../../../../arm-none-eabi/lib/armv7-m/crt0.o (__libc_init_array)
/usr/lib/gcc/arm-none-eabi/7.1.0/../../../../arm-none-eabi/lib/armv7-m/libc_nano.a(lib_a-memset.o)
                              /usr/lib/gcc/arm-none-eabi/7.1.0/../../../../arm-none-eabi/lib/armv7-m/crt0.o (memset)
/usr/lib/gcc/arm-none-eabi/7.1.0/../../../../arm-none-eabi/lib/armv7-m/libc_nano.a(lib_a-__atexit.o)
                              /usr/lib/gcc/arm-none-eabi/7.1.0/../../../../arm-none-eabi/lib/armv7-m/libc_nano.a(lib_a-atexit.o) (__register_exitproc)
/usr/lib/gcc/arm-none-eabi/7.1.0/../../../../arm-none-eabi/lib/armv7-m/libc_nano.a(lib_a-__call_atexit.o)
                              /usr/lib/gcc/arm-none-eabi/7.1.0/../../../../arm-none-eabi/lib/armv7-m/libc_nano.a(lib_a-__atexit.o) (__call_exitprocs)
/usr/lib/gcc/arm-none-eabi/7.1.0/../../../../arm-none-eabi/lib/armv7-m/libnosys.a(_exit.o)
                              /usr/lib/gcc/arm-none-eabi/7.1.0/../../../../arm-none-eabi/lib/armv7-m/libc_nano.a(lib_a-exit.o) (_exit)

Allocating common symbols
Common symbol       size              file

htim4               0x3c              build/tim.o
pFlash              0x20              build/stm32f1xx_hal_flash.o
hspi1               0x58              build/spi.o
hdma_spi1_tx        0x38              build/spi.o

Discarded input sections

 .text          0x0000000000000000        0x0 /usr/lib/gcc/arm-none-eabi/7.1.0/armv7-m/crti.o
 .data          0x0000000000000000        0x0 /usr/lib/gcc/arm-none-eabi/7.1.0/armv7-m/crti.o
 .bss           0x0000000000000000        0x0 /usr/lib/gcc/arm-none-eabi/7.1.0/armv7-m/crti.o
 .text          0x0000000000000000        0x0 /usr/lib/gcc/arm-none-eabi/7.1.0/armv7-m/crtbegin.o
 .data          0x0000000000000000        0x0 /usr/lib/gcc/arm-none-eabi/7.1.0/armv7-m/crtbegin.o
 .bss           0x0000000000000000        0x0 /usr/lib/gcc/arm-none-eabi/7.1.0/armv7-m/crtbegin.o
 .data.__dso_handle
                0x0000000000000000        0x4 /usr/lib/gcc/arm-none-eabi/7.1.0/armv7-m/crtbegin.o
 .text          0x0000000000000000       0x68 /usr/lib/gcc/arm-none-eabi/7.1.0/../../../../arm-none-eabi/lib/armv7-m/crt0.o
 .data          0x0000000000000000        0x0 /usr/lib/gcc/arm-none-eabi/7.1.0/../../../../arm-none-eabi/lib/armv7-m/crt0.o
 .bss           0x0000000000000000        0x0 /usr/lib/gcc/arm-none-eabi/7.1.0/../../../../arm-none-eabi/lib/armv7-m/crt0.o
 .ARM.extab     0x0000000000000000        0x0 /usr/lib/gcc/arm-none-eabi/7.1.0/../../../../arm-none-eabi/lib/armv7-m/crt0.o
 .ARM.exidx     0x0000000000000000        0x8 /usr/lib/gcc/arm-none-eabi/7.1.0/../../../../arm-none-eabi/lib/armv7-m/crt0.o
 .ARM.attributes
                0x0000000000000000       0x1b /usr/lib/gcc/arm-none-eabi/7.1.0/../../../../arm-none-eabi/lib/armv7-m/crt0.o
 .text          0x0000000000000000        0x0 build/stm32f1xx_hal_gpio.o
 .data          0x0000000000000000        0x0 build/stm32f1xx_hal_gpio.o
 .bss           0x0000000000000000        0x0 build/stm32f1xx_hal_gpio.o
 .text.HAL_GPIO_DeInit
                0x0000000000000000       0xe0 build/stm32f1xx_hal_gpio.o
 .text.HAL_GPIO_ReadPin
                0x0000000000000000        0xe build/stm32f1xx_hal_gpio.o
 .text.HAL_GPIO_LockPin
                0x0000000000000000       0x2e build/stm32f1xx_hal_gpio.o
 .text.HAL_GPIO_EXTI_Callback
                0x0000000000000000        0x2 build/stm32f1xx_hal_gpio.o
 .text.HAL_GPIO_EXTI_IRQHandler
                0x0000000000000000       0x1c build/stm32f1xx_hal_gpio.o
 .text          0x0000000000000000        0x0 build/stm32f1xx_hal_cortex.o
 .data          0x0000000000000000        0x0 build/stm32f1xx_hal_cortex.o
 .bss           0x0000000000000000        0x0 build/stm32f1xx_hal_cortex.o
 .text.HAL_NVIC_DisableIRQ
                0x0000000000000000       0x18 build/stm32f1xx_hal_cortex.o
 .text.HAL_NVIC_SystemReset
[...]
Memory Configuration

Name             Origin             Length             Attributes
RAM              0x0000000020000000 0x0000000000005000 xrw
FLASH            0x0000000008000000 0x0000000000010000 xr
*default*        0x0000000000000000 0xffffffffffffffff

Linker script and memory map

LOAD /usr/lib/gcc/arm-none-eabi/7.1.0/armv7-m/crti.o
LOAD /usr/lib/gcc/arm-none-eabi/7.1.0/armv7-m/crtbegin.o
LOAD /usr/lib/gcc/arm-none-eabi/7.1.0/../../../../arm-none-eabi/lib/armv7-m/crt0.o
LOAD build/stm32f1xx_hal_gpio.o
LOAD build/stm32f1xx_hal_cortex.o
LOAD build/gpio.o
LOAD build/stm32f1xx_hal_tim.o
LOAD build/stm32f1xx_hal_spi.o
LOAD build/stm32f1xx_hal_rcc.o
LOAD build/stm32f1xx_hal_gpio_ex.o
LOAD build/tim.o
LOAD build/stm32f1xx_hal_tim_ex.o
LOAD build/system_stm32f1xx.o
LOAD build/spi.o
LOAD build/stm32f1xx_hal_msp.o
LOAD build/stm32f1xx_hal_flash.o
LOAD build/stm32f1xx_hal_flash_ex.o
LOAD build/stm32f1xx_hal_rcc_ex.o
LOAD build/stm32f1xx_hal_spi_ex.o
LOAD build/stm32f1xx_hal_pwr.o
LOAD build/stm32f1xx_hal_dma.o
LOAD build/main.o
LOAD build/stm32f1xx_hal.o
LOAD build/dma.o
LOAD build/stm32f1xx_it.o
LOAD build/startup_stm32f103xb.o
LOAD /usr/lib/gcc/arm-none-eabi/7.1.0/../../../../arm-none-eabi/lib/armv7-m/libc_nano.a
LOAD /usr/lib/gcc/arm-none-eabi/7.1.0/../../../../arm-none-eabi/lib/armv7-m/libm.a
LOAD /usr/lib/gcc/arm-none-eabi/7.1.0/../../../../arm-none-eabi/lib/armv7-m/libnosys.a
START GROUP
LOAD /usr/lib/gcc/arm-none-eabi/7.1.0/armv7-m/libgcc.a
LOAD /usr/lib/gcc/arm-none-eabi/7.1.0/../../../../arm-none-eabi/lib/armv7-m/libc_nano.a
END GROUP
START GROUP
LOAD /usr/lib/gcc/arm-none-eabi/7.1.0/armv7-m/libgcc.a
LOAD /usr/lib/gcc/arm-none-eabi/7.1.0/../../../../arm-none-eabi/lib/armv7-m/libc_nano.a
END GROUP
LOAD /usr/lib/gcc/arm-none-eabi/7.1.0/armv7-m/crtend.o
LOAD /usr/lib/gcc/arm-none-eabi/7.1.0/armv7-m/crtn.o
                0x0000000020005000                _estack = 0x20005000
                0x0000000000000200                _Min_Heap_Size = 0x200
                0x0000000000000400                _Min_Stack_Size = 0x400

.isr_vector     0x0000000008000000      0x10c
                0x0000000008000000                . = ALIGN (0x4)
 *(.isr_vector)
 .isr_vector    0x0000000008000000      0x10c build/startup_stm32f103xb.o
                0x0000000008000000                g_pfnVectors
                0x000000000800010c                . = ALIGN (0x4)

.text           0x000000000800010c     0x1cac
                0x000000000800010c                . = ALIGN (0x4)
 *(.text)
 *(.text*)
 .text.__do_global_dtors_aux
                0x000000000800010c       0x24 /usr/lib/gcc/arm-none-eabi/7.1.0/armv7-m/crtbegin.o
 .text.frame_dummy
                0x0000000008000130       0x1c /usr/lib/gcc/arm-none-eabi/7.1.0/armv7-m/crtbegin.o
 .text.HAL_GPIO_Init
                0x000000000800014c      0x1d4 build/stm32f1xx_hal_gpio.o
                0x000000000800014c                HAL_GPIO_Init
 .text.HAL_GPIO_WritePin
                0x0000000008000320        0xc build/stm32f1xx_hal_gpio.o
                0x0000000008000320                HAL_GPIO_WritePin
 .text.HAL_GPIO_TogglePin
                0x000000000800032c        0x8 build/stm32f1xx_hal_gpio.o
                0x000000000800032c                HAL_GPIO_TogglePin
 .text.HAL_NVIC_SetPriorityGrouping
                0x0000000008000334       0x24 build/stm32f1xx_hal_cortex.o
                0x0000000008000334                HAL_NVIC_SetPriorityGrouping
 .text.HAL_NVIC_SetPriority
                0x0000000008000358       0x68 build/stm32f1xx_hal_cortex.o
                0x0000000008000358                HAL_NVIC_SetPriority
 .text.HAL_NVIC_EnableIRQ
                0x00000000080003c0       0x18 build/stm32f1xx_hal_cortex.o
                0x00000000080003c0                HAL_NVIC_EnableIRQ
 .text.HAL_SYSTICK_Config
                0x00000000080003d8       0x2c build/stm32f1xx_hal_cortex.o
                0x00000000080003d8                HAL_SYSTICK_Config
 .text.HAL_SYSTICK_CLKSourceConfig
                0x0000000008000404       0x20 build/stm32f1xx_hal_cortex.o
                0x0000000008000404                HAL_SYSTICK_CLKSourceConfig
 .text.HAL_SYSTICK_Callback
                0x0000000008000424        0x2 build/stm32f1xx_hal_cortex.o
                0x0000000008000424                HAL_SYSTICK_Callback
 .text.HAL_SYSTICK_IRQHandler
                0x0000000008000426        0x8 build/stm32f1xx_hal_cortex.o
                0x0000000008000426                HAL_SYSTICK_IRQHandler
 *fill*         0x000000000800042e        0x2 
 .text.MX_GPIO_Init
                0x0000000008000430       0xc8 build/gpio.o
                0x0000000008000430                MX_GPIO_Init
 .text.gpio_toggle_led
                0x00000000080004f8       0x14 build/gpio.o
                0x00000000080004f8                gpio_toggle_led
 .text.gpio_latch
                0x000000000800050c       0x28 build/gpio.o
                0x000000000800050c                gpio_latch
 .text.TIM_TI1_ConfigInputStage
                0x0000000008000534       0x24 build/stm32f1xx_hal_tim.o
 .text.TIM_TI2_ConfigInputStage
                0x0000000008000558       0x26 build/stm32f1xx_hal_tim.o
 .text.TIM_ITRx_SetConfig
                0x000000000800057e       0x10 build/stm32f1xx_hal_tim.o
 .text.TIM_ETR_SetConfig
                0x000000000800058e       0x16 build/stm32f1xx_hal_tim.o
 .text.HAL_TIM_Base_Start_IT
                0x00000000080005a4       0x18 build/stm32f1xx_hal_tim.o
                0x00000000080005a4                HAL_TIM_Base_Start_IT
 .text.HAL_TIM_ConfigClockSource
                0x00000000080005bc      0x108 build/stm32f1xx_hal_tim.o
                0x00000000080005bc                HAL_TIM_ConfigClockSource
 .text.HAL_TIM_PeriodElapsedCallback
                0x00000000080006c4        0x2 build/stm32f1xx_hal_tim.o
                0x00000000080006c4                HAL_TIM_PeriodElapsedCallback
 .text.HAL_TIM_OC_DelayElapsedCallback
                0x00000000080006c6        0x2 build/stm32f1xx_hal_tim.o
                0x00000000080006c6                HAL_TIM_OC_DelayElapsedCallback
 .text.HAL_TIM_IC_CaptureCallback
                0x00000000080006c8        0x2 build/stm32f1xx_hal_tim.o
                0x00000000080006c8                HAL_TIM_IC_CaptureCallback
 .text.HAL_TIM_PWM_PulseFinishedCallback
                0x00000000080006ca        0x2 build/stm32f1xx_hal_tim.o
                0x00000000080006ca                HAL_TIM_PWM_PulseFinishedCallback
 .text.HAL_TIM_TriggerCallback
                0x00000000080006cc        0x2 build/stm32f1xx_hal_tim.o
                0x00000000080006cc                HAL_TIM_TriggerCallback
 .text.HAL_TIM_IRQHandler
                0x00000000080006ce      0x17a build/stm32f1xx_hal_tim.o
                0x00000000080006ce                HAL_TIM_IRQHandler
 .text.TIM_Base_SetConfig
                0x0000000008000848       0x6c build/stm32f1xx_hal_tim.o
                0x0000000008000848                TIM_Base_SetConfig
 .text.HAL_TIM_Base_Init
                0x00000000080008b4       0x32 build/stm32f1xx_hal_tim.o
                0x00000000080008b4                HAL_TIM_Base_Init
 .text.SPI_WaitOnFlagUntilTimeout
                0x00000000080008e6       0xde build/stm32f1xx_hal_spi.o
 .text.HAL_SPI_Transmit_DMA
                0x00000000080009c4       0xd8 build/stm32f1xx_hal_spi.o
                0x00000000080009c4                HAL_SPI_Transmit_DMA
 .text.HAL_SPI_TxHalfCpltCallback
                0x0000000008000a9c        0x2 build/stm32f1xx_hal_spi.o
                0x0000000008000a9c                HAL_SPI_TxHalfCpltCallback
 .text.SPI_DMAHalfTransmitCplt
                0x0000000008000a9e        0xa build/stm32f1xx_hal_spi.o
 .text.HAL_SPI_ErrorCallback
                0x0000000008000aa8        0x2 build/stm32f1xx_hal_spi.o
                0x0000000008000aa8                HAL_SPI_ErrorCallback
 .text.SPI_DMAError
                0x0000000008000aaa       0x1e build/stm32f1xx_hal_spi.o
 .text.SPI_DMATransmitCplt
                0x0000000008000ac8       0x78 build/stm32f1xx_hal_spi.o
 .text.HAL_SPI_IRQHandler
                0x0000000008000b40       0xbe build/stm32f1xx_hal_spi.o
                0x0000000008000b40                HAL_SPI_IRQHandler
 *fill*         0x0000000008000bfe        0x2 
 .text.HAL_RCC_OscConfig
                0x0000000008000c00      0x5e4 build/stm32f1xx_hal_rcc.o
                0x0000000008000c00                HAL_RCC_OscConfig
 .text.HAL_RCC_GetSysClockFreq
                0x00000000080011e4       0x8c build/stm32f1xx_hal_rcc.o
                0x00000000080011e4                HAL_RCC_GetSysClockFreq
 .text.HAL_RCC_ClockConfig
                0x0000000008001270      0x1d4 build/stm32f1xx_hal_rcc.o
                0x0000000008001270                HAL_RCC_ClockConfig
 .text.HAL_RCC_GetHCLKFreq
                0x0000000008001444        0xc build/stm32f1xx_hal_rcc.o
                0x0000000008001444                HAL_RCC_GetHCLKFreq
 .text.MX_TIM4_Init
                0x0000000008001450       0x7c build/tim.o
                0x0000000008001450                MX_TIM4_Init
 .text.HAL_TIM_Base_MspInit
                0x00000000080014cc       0x40 build/tim.o
                0x00000000080014cc                HAL_TIM_Base_MspInit
 .text.HAL_TIMEx_MasterConfigSynchronization
                0x000000000800150c       0x52 build/stm32f1xx_hal_tim_ex.o
                0x000000000800150c                HAL_TIMEx_MasterConfigSynchronization
 .text.HAL_TIMEx_CommutationCallback
                0x000000000800155e        0x2 build/stm32f1xx_hal_tim_ex.o
                0x000000000800155e                HAL_TIMEx_CommutationCallback
 .text.HAL_TIMEx_BreakCallback
                0x0000000008001560        0x2 build/stm32f1xx_hal_tim_ex.o
                0x0000000008001560                HAL_TIMEx_BreakCallback
 *fill*         0x0000000008001562        0x2 
 .text.SystemInit
                0x0000000008001564       0x4c build/system_stm32f1xx.o
                0x0000000008001564                SystemInit
 .text.MX_SPI1_Init
                0x00000000080015b0       0x48 build/spi.o
                0x00000000080015b0                MX_SPI1_Init
 .text.HAL_SPI_MspInit
                0x00000000080015f8       0x94 build/spi.o
                0x00000000080015f8                HAL_SPI_MspInit
 .text.send_data
                0x000000000800168c       0x2c build/spi.o
                0x000000000800168c                send_data
 .text.HAL_SPI_TxCpltCallback
                0x00000000080016b8        0xa build/spi.o
                0x00000000080016b8                HAL_SPI_TxCpltCallback
 *fill*         0x00000000080016c2        0x2 
 .text.HAL_MspInit
                0x00000000080016c4       0x90 build/stm32f1xx_hal_msp.o
                0x00000000080016c4                HAL_MspInit
 .text.HAL_SPI_Init
                0x0000000008001754       0x88 build/stm32f1xx_hal_spi_ex.o
                0x0000000008001754                HAL_SPI_Init
 .text.DMA_SetConfig
                0x00000000080017dc       0x22 build/stm32f1xx_hal_dma.o
 .text.HAL_DMA_Init
                0x00000000080017fe       0x52 build/stm32f1xx_hal_dma.o
                0x00000000080017fe                HAL_DMA_Init
 .text.HAL_DMA_Start_IT
                0x0000000008001850       0x58 build/stm32f1xx_hal_dma.o
                0x0000000008001850                HAL_DMA_Start_IT
 .text.HAL_DMA_IRQHandler
                0x00000000080018a8      0x270 build/stm32f1xx_hal_dma.o
                0x00000000080018a8                HAL_DMA_IRQHandler
 .text._Error_Handler
                0x0000000008001b18        0x2 build/main.o
                0x0000000008001b18                _Error_Handler
 *fill*         0x0000000008001b1a        0x2 
 .text.SystemClock_Config
                0x0000000008001b1c       0x7c build/main.o
                0x0000000008001b1c                SystemClock_Config
 .text.main     0x0000000008001b98       0x48 build/main.o
                0x0000000008001b98                main
 .text.HAL_InitTick
                0x0000000008001be0       0x28 build/stm32f1xx_hal.o
                0x0000000008001be0                HAL_InitTick
 .text.HAL_Init
                0x0000000008001c08       0x24 build/stm32f1xx_hal.o
                0x0000000008001c08                HAL_Init
 .text.HAL_IncTick
                0x0000000008001c2c       0x10 build/stm32f1xx_hal.o
                0x0000000008001c2c                HAL_IncTick
 .text.HAL_GetTick
                0x0000000008001c3c        0xc build/stm32f1xx_hal.o
                0x0000000008001c3c                HAL_GetTick
 .text.HAL_Delay
                0x0000000008001c48       0x1c build/stm32f1xx_hal.o
                0x0000000008001c48                HAL_Delay
 .text.MX_DMA_Init
                0x0000000008001c64       0x34 build/dma.o
                0x0000000008001c64                MX_DMA_Init
 .text.NMI_Handler
                0x0000000008001c98        0x2 build/stm32f1xx_it.o
                0x0000000008001c98                NMI_Handler
 .text.HardFault_Handler
                0x0000000008001c9a        0x2 build/stm32f1xx_it.o
                0x0000000008001c9a                HardFault_Handler
 .text.MemManage_Handler
                0x0000000008001c9c        0x2 build/stm32f1xx_it.o
                0x0000000008001c9c                MemManage_Handler
 .text.BusFault_Handler
                0x0000000008001c9e        0x2 build/stm32f1xx_it.o
                0x0000000008001c9e                BusFault_Handler
 .text.UsageFault_Handler
                0x0000000008001ca0        0x2 build/stm32f1xx_it.o
                0x0000000008001ca0                UsageFault_Handler
 .text.SVC_Handler
                0x0000000008001ca2        0x2 build/stm32f1xx_it.o
                0x0000000008001ca2                SVC_Handler
 .text.DebugMon_Handler
                0x0000000008001ca4        0x2 build/stm32f1xx_it.o
                0x0000000008001ca4                DebugMon_Handler
 .text.PendSV_Handler
                0x0000000008001ca6        0x2 build/stm32f1xx_it.o
                0x0000000008001ca6                PendSV_Handler
 .text.SysTick_Handler
                0x0000000008001ca8        0xc build/stm32f1xx_it.o
                0x0000000008001ca8                SysTick_Handler
 .text.DMA1_Channel3_IRQHandler
                0x0000000008001cb4       0x10 build/stm32f1xx_it.o
                0x0000000008001cb4                DMA1_Channel3_IRQHandler
 .text.TIM4_IRQHandler
                0x0000000008001cc4       0x38 build/stm32f1xx_it.o
                0x0000000008001cc4                TIM4_IRQHandler
 .text.SPI1_IRQHandler
                0x0000000008001cfc       0x10 build/stm32f1xx_it.o
                0x0000000008001cfc                SPI1_IRQHandler
 .text.Reset_Handler
                0x0000000008001d0c       0x48 build/startup_stm32f103xb.o
                0x0000000008001d0c                Reset_Handler
 .text.Default_Handler
                0x0000000008001d54        0x2 build/startup_stm32f103xb.o
                0x0000000008001d54                RTC_Alarm_IRQHandler
                0x0000000008001d54                EXTI2_IRQHandler
                0x0000000008001d54                TIM1_CC_IRQHandler
                0x0000000008001d54                PVD_IRQHandler
                0x0000000008001d54                EXTI3_IRQHandler
                0x0000000008001d54                EXTI0_IRQHandler
                0x0000000008001d54                I2C2_EV_IRQHandler
                0x0000000008001d54                ADC1_2_IRQHandler
                0x0000000008001d54                TAMPER_IRQHandler
                0x0000000008001d54                DMA1_Channel4_IRQHandler
                0x0000000008001d54                USART3_IRQHandler
                0x0000000008001d54                RTC_IRQHandler
                0x0000000008001d54                DMA1_Channel7_IRQHandler
                0x0000000008001d54                CAN1_RX1_IRQHandler
                0x0000000008001d54                I2C1_EV_IRQHandler
                0x0000000008001d54                DMA1_Channel6_IRQHandler
                0x0000000008001d54                TIM3_IRQHandler
                0x0000000008001d54                RCC_IRQHandler
                0x0000000008001d54                TIM1_TRG_COM_IRQHandler
                0x0000000008001d54                DMA1_Channel1_IRQHandler
                0x0000000008001d54                Default_Handler
                0x0000000008001d54                EXTI15_10_IRQHandler
                0x0000000008001d54                EXTI9_5_IRQHandler
                0x0000000008001d54                SPI2_IRQHandler
                0x0000000008001d54                DMA1_Channel5_IRQHandler
                0x0000000008001d54                EXTI4_IRQHandler
                0x0000000008001d54                USB_LP_CAN1_RX0_IRQHandler
                0x0000000008001d54                USB_HP_CAN1_TX_IRQHandler
                0x0000000008001d54                TIM1_UP_IRQHandler
                0x0000000008001d54                WWDG_IRQHandler
                0x0000000008001d54                TIM2_IRQHandler
                0x0000000008001d54                TIM1_BRK_IRQHandler
                0x0000000008001d54                EXTI1_IRQHandler
                0x0000000008001d54                USART2_IRQHandler
                0x0000000008001d54                I2C2_ER_IRQHandler
                0x0000000008001d54                DMA1_Channel2_IRQHandler
                0x0000000008001d54                CAN1_SCE_IRQHandler
                0x0000000008001d54                FLASH_IRQHandler
                0x0000000008001d54                USART1_IRQHandler
                0x0000000008001d54                I2C1_ER_IRQHandler
                0x0000000008001d54                USBWakeUp_IRQHandler
 *fill*         0x0000000008001d56        0x2 
 .text.__libc_init_array
                0x0000000008001d58       0x48 /usr/lib/gcc/arm-none-eabi/7.1.0/../../../../arm-none-eabi/lib/armv7-m/libc_nano.a(lib_a-init.o)
                0x0000000008001d58                __libc_init_array
 *(.glue_7)
 .glue_7        0x0000000008001da0        0x0 linker stubs
 *(.glue_7t)
 .glue_7t       0x0000000008001da0        0x0 linker stubs
 *(.eh_frame)
 .eh_frame      0x0000000008001da0        0x0 /usr/lib/gcc/arm-none-eabi/7.1.0/armv7-m/crtbegin.o
 *(.init)
 .init          0x0000000008001da0        0x4 /usr/lib/gcc/arm-none-eabi/7.1.0/armv7-m/crti.o
                0x0000000008001da0                _init
 .init          0x0000000008001da4        0x8 /usr/lib/gcc/arm-none-eabi/7.1.0/armv7-m/crtn.o
 *(.fini)
 .fini          0x0000000008001dac        0x4 /usr/lib/gcc/arm-none-eabi/7.1.0/armv7-m/crti.o
                0x0000000008001dac                _fini
 .fini          0x0000000008001db0        0x8 /usr/lib/gcc/arm-none-eabi/7.1.0/armv7-m/crtn.o
                0x0000000008001db8                . = ALIGN (0x4)
                0x0000000008001db8                _etext = .

.vfp11_veneer   0x0000000008001db8        0x0
 .vfp11_veneer  0x0000000008001db8        0x0 linker stubs

.v4_bx          0x0000000008001db8        0x0
 .v4_bx         0x0000000008001db8        0x0 linker stubs

.iplt           0x0000000008001db8        0x0
 .iplt          0x0000000008001db8        0x0 /usr/lib/gcc/arm-none-eabi/7.1.0/armv7-m/crtbegin.o

.rodata         0x0000000008001db8       0x54
                0x0000000008001db8                . = ALIGN (0x4)
 *(.rodata)
 .rodata        0x0000000008001db8       0x12 build/stm32f1xx_hal_rcc.o
 *fill*         0x0000000008001dca        0x2 
 .rodata        0x0000000008001dcc        0x2 build/spi.o
 *fill*         0x0000000008001dce        0x2 
 .rodata        0x0000000008001dd0        0x6 build/main.o
 *(.rodata*)
 *fill*         0x0000000008001dd6        0x2 
 .rodata.MX_TIM4_Init.str1.4
                0x0000000008001dd8        0xa build/tim.o
 *fill*         0x0000000008001de2        0x2 
 .rodata.AHBPrescTable
                0x0000000008001de4       0x10 build/system_stm32f1xx.o
                0x0000000008001de4                AHBPrescTable
 .rodata.MX_SPI1_Init.str1.4
                0x0000000008001df4        0xa build/spi.o
 *fill*         0x0000000008001dfe        0x2 
 .rodata.SystemClock_Config.str1.4
                0x0000000008001e00        0xc build/main.o
                                          0xb (size before relaxing)
                0x0000000008001e0c                . = ALIGN (0x4)

.rel.dyn        0x0000000008001e0c        0x0
 .rel.iplt      0x0000000008001e0c        0x0 /usr/lib/gcc/arm-none-eabi/7.1.0/armv7-m/crtbegin.o

.ARM.extab
 *(.ARM.extab* .gnu.linkonce.armextab.*)

.ARM            0x0000000008001e0c        0x0
                0x0000000008001e0c                __exidx_start = .
 *(.ARM.exidx*)
                0x0000000008001e0c                __exidx_end = .

.preinit_array  0x0000000008001e0c        0x0
                0x0000000008001e0c                PROVIDE (__preinit_array_start, .)
 *(.preinit_array*)
                0x0000000008001e0c                PROVIDE (__preinit_array_end, .)

.init_array     0x0000000008001e0c        0x4
                0x0000000008001e0c                PROVIDE (__init_array_start, .)
 *(SORT(.init_array.*))
 *(.init_array*)
 .init_array    0x0000000008001e0c        0x4 /usr/lib/gcc/arm-none-eabi/7.1.0/armv7-m/crtbegin.o
                0x0000000008001e10                PROVIDE (__init_array_end, .)

.fini_array     0x0000000008001e10        0x4
                0x0000000008001e10                PROVIDE (__fini_array_start, .)
 *(SORT(.fini_array.*))
 *(.fini_array*)
 .fini_array    0x0000000008001e10        0x4 /usr/lib/gcc/arm-none-eabi/7.1.0/armv7-m/crtbegin.o
                0x0000000008001e14                PROVIDE (__fini_array_end, .)
                0x0000000008001e14                _sidata = LOADADDR (.data)

.data           0x0000000020000000        0x8 load address 0x0000000008001e14
                0x0000000020000000                . = ALIGN (0x4)
                0x0000000020000000                _sdata = .
 *(.data)
 *(.data*)
 .data.SystemCoreClock
                0x0000000020000000        0x4 build/system_stm32f1xx.o
                0x0000000020000000                SystemCoreClock
 .data.idx      0x0000000020000004        0x1 build/stm32f1xx_it.o
                0x0000000020000004                idx
                0x0000000020000008                . = ALIGN (0x4)
 *fill*         0x0000000020000005        0x3 
                0x0000000020000008                _edata = .

.igot.plt       0x0000000020000008        0x0 load address 0x0000000008001e1c
 .igot.plt      0x0000000020000008        0x0 /usr/lib/gcc/arm-none-eabi/7.1.0/armv7-m/crtbegin.o
                0x0000000020000008                . = ALIGN (0x4)

.bss            0x0000000020000008       0xf0 load address 0x0000000008001e1c
                0x0000000020000008                _sbss = .
                0x0000000020000008                __bss_start__ = _sbss
 *(.bss)
 *(.bss*)
 .bss.completed.8574
                0x0000000020000008        0x1 /usr/lib/gcc/arm-none-eabi/7.1.0/armv7-m/crtbegin.o
 *fill*         0x0000000020000009        0x3 
 .bss.object.8579
                0x000000002000000c       0x18 /usr/lib/gcc/arm-none-eabi/7.1.0/armv7-m/crtbegin.o
 .bss.uCRCErrorWorkaroundCheck
                0x0000000020000024        0x1 build/stm32f1xx_hal_spi_ex.o
                0x0000000020000024                uCRCErrorWorkaroundCheck
 *fill*         0x0000000020000025        0x3 
 .bss.uwTick    0x0000000020000028        0x4 build/stm32f1xx_hal.o
 *(COMMON)
 COMMON         0x000000002000002c       0x3c build/tim.o
                0x000000002000002c                htim4
 COMMON         0x0000000020000068       0x90 build/spi.o
                0x0000000020000068                hspi1
                0x00000000200000c0                hdma_spi1_tx
                0x00000000200000f8                . = ALIGN (0x4)
                0x00000000200000f8                _ebss = .
                0x00000000200000f8                __bss_end__ = _ebss

._user_heap_stack
                0x00000000200000f8      0x600 load address 0x0000000008001e1c
                0x00000000200000f8                . = ALIGN (0x8)
                [!provide]                        PROVIDE (end, .)
                [!provide]                        PROVIDE (_end, .)
                0x00000000200002f8                . = (. + _Min_Heap_Size)
 *fill*         0x00000000200000f8      0x200 
                0x00000000200006f8                . = (. + _Min_Stack_Size)
 *fill*         0x00000000200002f8      0x400 
                0x00000000200006f8                . = ALIGN (0x8)

/DISCARD/
 libc.a(*)
 libm.a(*)
 libgcc.a(*)

.ARM.attributes
                0x0000000000000000       0x29
 *(.ARM.attributes)
 .ARM.attributes
                0x0000000000000000       0x1d /usr/lib/gcc/arm-none-eabi/7.1.0/armv7-m/crti.o
 .ARM.attributes
                0x000000000000001d       0x2d /usr/lib/gcc/arm-none-eabi/7.1.0/armv7-m/crtbegin.o
 .ARM.attributes
                0x000000000000004a       0x33 build/stm32f1xx_hal_gpio.o
 .ARM.attributes
                0x000000000000007d       0x33 build/stm32f1xx_hal_cortex.o
 .ARM.attributes
                0x00000000000000b0       0x33 build/gpio.o
 .ARM.attributes
                0x00000000000000e3       0x33 build/stm32f1xx_hal_tim.o
 .ARM.attributes
                0x0000000000000116       0x33 build/stm32f1xx_hal_spi.o
 .ARM.attributes
                0x0000000000000149       0x33 build/stm32f1xx_hal_rcc.o
 .ARM.attributes
                0x000000000000017c       0x33 build/tim.o
 .ARM.attributes
                0x00000000000001af       0x33 build/stm32f1xx_hal_tim_ex.o
 .ARM.attributes
                0x00000000000001e2       0x33 build/system_stm32f1xx.o
 .ARM.attributes
                0x0000000000000215       0x33 build/spi.o
 .ARM.attributes
                0x0000000000000248       0x33 build/stm32f1xx_hal_msp.o
 .ARM.attributes
                0x000000000000027b       0x33 build/stm32f1xx_hal_spi_ex.o
 .ARM.attributes
                0x00000000000002ae       0x33 build/stm32f1xx_hal_dma.o
 .ARM.attributes
                0x00000000000002e1       0x33 build/main.o
 .ARM.attributes
                0x0000000000000314       0x33 build/stm32f1xx_hal.o
 .ARM.attributes
                0x0000000000000347       0x33 build/dma.o
 .ARM.attributes
                0x000000000000037a       0x33 build/stm32f1xx_it.o
 .ARM.attributes
                0x00000000000003ad       0x21 build/startup_stm32f103xb.o
 .ARM.attributes
                0x00000000000003ce       0x2d /usr/lib/gcc/arm-none-eabi/7.1.0/../../../../arm-none-eabi/lib/armv7-m/libc_nano.a(lib_a-init.o)
 .ARM.attributes
                0x00000000000003fb       0x1d /usr/lib/gcc/arm-none-eabi/7.1.0/armv7-m/crtn.o
OUTPUT(build/cube.elf elf32-littlearm)

.debug_info     0x0000000000000000    0x16f94
 .debug_info    0x0000000000000000      0xfc7 build/stm32f1xx_hal_gpio.o
 .debug_info    0x0000000000000fc7     0x15f4 build/stm32f1xx_hal_cortex.o
 .debug_info    0x00000000000025bb      0xe30 build/gpio.o
 .debug_info    0x00000000000033eb     0x398c build/stm32f1xx_hal_tim.o
 .debug_info    0x0000000000006d77     0x1fe5 build/stm32f1xx_hal_spi.o
 .debug_info    0x0000000000008d5c     0x1c42 build/stm32f1xx_hal_rcc.o
 .debug_info    0x000000000000a99e     0x1365 build/tim.o
 .debug_info    0x000000000000bd03     0x1c8d build/stm32f1xx_hal_tim_ex.o
 .debug_info    0x000000000000d990      0xd38 build/system_stm32f1xx.o
 .debug_info    0x000000000000e6c8     0x1483 build/spi.o
 .debug_info    0x000000000000fb4b      0xdb8 build/stm32f1xx_hal_msp.o
 .debug_info    0x0000000000010903      0xf62 build/stm32f1xx_hal_spi_ex.o
 .debug_info    0x0000000000011865      0xffb build/stm32f1xx_hal_dma.o
 .debug_info    0x0000000000012860     0x169b build/main.o
 .debug_info    0x0000000000013efb     0x107c build/stm32f1xx_hal.o
 .debug_info    0x0000000000014f77      0xc8d build/dma.o
 .debug_info    0x0000000000015c04     0x1336 build/stm32f1xx_it.o
 .debug_info    0x0000000000016f3a       0x5a build/startup_stm32f103xb.o

.debug_abbrev   0x0000000000000000     0x2cf2
 .debug_abbrev  0x0000000000000000      0x2be build/stm32f1xx_hal_gpio.o
 .debug_abbrev  0x00000000000002be      0x3b7 build/stm32f1xx_hal_cortex.o
 .debug_abbrev  0x0000000000000675      0x243 build/gpio.o
 .debug_abbrev  0x00000000000008b8      0x31f build/stm32f1xx_hal_tim.o
 .debug_abbrev  0x0000000000000bd7      0x308 build/stm32f1xx_hal_spi.o
 .debug_abbrev  0x0000000000000edf      0x345 build/stm32f1xx_hal_rcc.o
 .debug_abbrev  0x0000000000001224      0x255 build/tim.o
 .debug_abbrev  0x0000000000001479      0x2f8 build/stm32f1xx_hal_tim_ex.o
 .debug_abbrev  0x0000000000001771      0x209 build/system_stm32f1xx.o
 .debug_abbrev  0x000000000000197a      0x260 build/spi.o
 .debug_abbrev  0x0000000000001bda      0x216 build/stm32f1xx_hal_msp.o
 .debug_abbrev  0x0000000000001df0      0x218 build/stm32f1xx_hal_spi_ex.o
 .debug_abbrev  0x0000000000002008      0x2e1 build/stm32f1xx_hal_dma.o
 .debug_abbrev  0x00000000000022e9      0x289 build/main.o
 .debug_abbrev  0x0000000000002572      0x31a build/stm32f1xx_hal.o
 .debug_abbrev  0x000000000000288c      0x216 build/dma.o
 .debug_abbrev  0x0000000000002aa2      0x23e build/stm32f1xx_it.o
 .debug_abbrev  0x0000000000002ce0       0x12 build/startup_stm32f103xb.o

.debug_loc      0x0000000000000000     0x8e57
 .debug_loc     0x0000000000000000      0x516 build/stm32f1xx_hal_gpio.o
 .debug_loc     0x0000000000000516      0x63d build/stm32f1xx_hal_cortex.o
 .debug_loc     0x0000000000000b53       0xf3 build/gpio.o
 .debug_loc     0x0000000000000c46     0x40e2 build/stm32f1xx_hal_tim.o
 .debug_loc     0x0000000000004d28     0x1a11 build/stm32f1xx_hal_spi.o
 .debug_loc     0x0000000000006739      0xa04 build/stm32f1xx_hal_rcc.o
 .debug_loc     0x000000000000713d       0xf7 build/tim.o
 .debug_loc     0x0000000000007234     0x1185 build/stm32f1xx_hal_tim_ex.o
 .debug_loc     0x00000000000083b9       0xdf build/system_stm32f1xx.o
 .debug_loc     0x0000000000008498      0x168 build/spi.o
 .debug_loc     0x0000000000008600       0x38 build/stm32f1xx_hal_msp.o
 .debug_loc     0x0000000000008638       0x9a build/stm32f1xx_hal_spi_ex.o
 .debug_loc     0x00000000000086d2      0x542 build/stm32f1xx_hal_dma.o
 .debug_loc     0x0000000000008c14       0x72 build/main.o
 .debug_loc     0x0000000000008c86      0x119 build/stm32f1xx_hal.o
 .debug_loc     0x0000000000008d9f       0x38 build/dma.o
 .debug_loc     0x0000000000008dd7       0x80 build/stm32f1xx_it.o

.debug_aranges  0x0000000000000000      0xa88
 .debug_aranges
                0x0000000000000000       0x58 build/stm32f1xx_hal_gpio.o
 .debug_aranges
                0x0000000000000058       0x90 build/stm32f1xx_hal_cortex.o
 .debug_aranges
                0x00000000000000e8       0x38 build/gpio.o
 .debug_aranges
                0x0000000000000120      0x368 build/stm32f1xx_hal_tim.o
 .debug_aranges
                0x0000000000000488      0x158 build/stm32f1xx_hal_spi.o
 .debug_aranges
                0x00000000000005e0       0x88 build/stm32f1xx_hal_rcc.o
 .debug_aranges
                0x0000000000000668       0x30 build/tim.o
 .debug_aranges
                0x0000000000000698      0x138 build/stm32f1xx_hal_tim_ex.o
 .debug_aranges
                0x00000000000007d0       0x28 build/system_stm32f1xx.o
 .debug_aranges
                0x00000000000007f8       0x40 build/spi.o
 .debug_aranges
                0x0000000000000838       0x20 build/stm32f1xx_hal_msp.o
 .debug_aranges
                0x0000000000000858       0x28 build/stm32f1xx_hal_spi_ex.o
 .debug_aranges
                0x0000000000000880       0x68 build/stm32f1xx_hal_dma.o
 .debug_aranges
                0x00000000000008e8       0x30 build/main.o
 .debug_aranges
                0x0000000000000918       0xb0 build/stm32f1xx_hal.o
 .debug_aranges
                0x00000000000009c8       0x20 build/dma.o
 .debug_aranges
                0x00000000000009e8       0x78 build/stm32f1xx_it.o
 .debug_aranges
                0x0000000000000a60       0x28 build/startup_stm32f103xb.o

.debug_ranges   0x0000000000000000      0x9d0
 .debug_ranges  0x0000000000000000       0x48 build/stm32f1xx_hal_gpio.o
 .debug_ranges  0x0000000000000048       0xe0 build/stm32f1xx_hal_cortex.o
 .debug_ranges  0x0000000000000128       0x28 build/gpio.o
 .debug_ranges  0x0000000000000150      0x358 build/stm32f1xx_hal_tim.o
 .debug_ranges  0x00000000000004a8      0x148 build/stm32f1xx_hal_spi.o
 .debug_ranges  0x00000000000005f0       0x78 build/stm32f1xx_hal_rcc.o
 .debug_ranges  0x0000000000000668       0x20 build/tim.o
 .debug_ranges  0x0000000000000688      0x128 build/stm32f1xx_hal_tim_ex.o
 .debug_ranges  0x00000000000007b0       0x18 build/system_stm32f1xx.o
 .debug_ranges  0x00000000000007c8       0x30 build/spi.o
 .debug_ranges  0x00000000000007f8       0x10 build/stm32f1xx_hal_msp.o
 .debug_ranges  0x0000000000000808       0x18 build/stm32f1xx_hal_spi_ex.o
 .debug_ranges  0x0000000000000820       0x58 build/stm32f1xx_hal_dma.o
 .debug_ranges  0x0000000000000878       0x20 build/main.o
 .debug_ranges  0x0000000000000898       0xa0 build/stm32f1xx_hal.o
 .debug_ranges  0x0000000000000938       0x10 build/dma.o
 .debug_ranges  0x0000000000000948       0x68 build/stm32f1xx_it.o
 .debug_ranges  0x00000000000009b0       0x20 build/startup_stm32f103xb.o

.debug_line     0x0000000000000000     0x5046
 .debug_line    0x0000000000000000      0x395 build/stm32f1xx_hal_gpio.o
 .debug_line    0x0000000000000395      0x360 build/stm32f1xx_hal_cortex.o
 .debug_line    0x00000000000006f5      0x1f0 build/gpio.o
 .debug_line    0x00000000000008e5     0x11da build/stm32f1xx_hal_tim.o
 .debug_line    0x0000000000001abf      0xafb build/stm32f1xx_hal_spi.o
 .debug_line    0x00000000000025ba      0x70d build/stm32f1xx_hal_rcc.o
 .debug_line    0x0000000000002cc7      0x24f build/tim.o
 .debug_line    0x0000000000002f16      0x7e1 build/stm32f1xx_hal_tim_ex.o
 .debug_line    0x00000000000036f7      0x1c5 build/system_stm32f1xx.o
 .debug_line    0x00000000000038bc      0x295 build/spi.o
 .debug_line    0x0000000000003b51      0x1bb build/stm32f1xx_hal_msp.o
 .debug_line    0x0000000000003d0c      0x22a build/stm32f1xx_hal_spi_ex.o
 .debug_line    0x0000000000003f36      0x5e3 build/stm32f1xx_hal_dma.o
 .debug_line    0x0000000000004519      0x2cd build/main.o
 .debug_line    0x00000000000047e6      0x365 build/stm32f1xx_hal.o
 .debug_line    0x0000000000004b4b      0x1a6 build/dma.o
 .debug_line    0x0000000000004cf1      0x2e3 build/stm32f1xx_it.o
 .debug_line    0x0000000000004fd4       0x72 build/startup_stm32f103xb.o

.debug_str      0x0000000000000000     0x30cd
 .debug_str     0x0000000000000000      0x740 build/stm32f1xx_hal_gpio.o
                                        0x7e6 (size before relaxing)
 .debug_str     0x0000000000000740      0x60b build/stm32f1xx_hal_cortex.o
                                        0xc79 (size before relaxing)
 .debug_str     0x0000000000000d4b       0x4e build/gpio.o
                                        0x697 (size before relaxing)
 .debug_str     0x0000000000000d99     0x10bc build/stm32f1xx_hal_tim.o
                                       0x16f1 (size before relaxing)
 .debug_str     0x0000000000001e55      0x546 build/stm32f1xx_hal_spi.o
                                        0xd22 (size before relaxing)
 .debug_str     0x000000000000239b      0x334 build/stm32f1xx_hal_rcc.o
                                        0x9a5 (size before relaxing)
 .debug_str     0x00000000000026cf       0xab build/tim.o
                                        0xde5 (size before relaxing)
 .debug_str     0x000000000000277a      0x476 build/stm32f1xx_hal_tim_ex.o
                                        0xf8b (size before relaxing)
 .debug_str     0x0000000000002bf0       0x4a build/system_stm32f1xx.o
                                        0x64f (size before relaxing)
 .debug_str     0x0000000000002c3a       0x61 build/spi.o
                                        0xdbb (size before relaxing)
 .debug_str     0x0000000000002c9b       0x24 build/stm32f1xx_hal_msp.o
                                        0x901 (size before relaxing)
 .debug_str     0x0000000000002cbf       0x51 build/stm32f1xx_hal_spi_ex.o
                                        0x9bc (size before relaxing)
 .debug_str     0x0000000000002d10      0x10a build/stm32f1xx_hal_dma.o
                                        0x8d2 (size before relaxing)
 .debug_str     0x0000000000002e1a       0x49 build/main.o
                                        0xff3 (size before relaxing)
 .debug_str     0x0000000000002e63      0x184 build/stm32f1xx_hal.o
                                        0xb2d (size before relaxing)
 .debug_str     0x0000000000002fe7        0xa build/dma.o
                                        0x8bb (size before relaxing)
 .debug_str     0x0000000000002ff1       0xdc build/stm32f1xx_it.o
                                        0xc27 (size before relaxing)

.comment        0x0000000000000000       0x1d
 .comment       0x0000000000000000       0x1d build/stm32f1xx_hal_gpio.o
                                         0x1e (size before relaxing)
 .comment       0x000000000000001d       0x1e build/stm32f1xx_hal_cortex.o
 .comment       0x000000000000001d       0x1e build/gpio.o
 .comment       0x000000000000001d       0x1e build/stm32f1xx_hal_tim.o
 .comment       0x000000000000001d       0x1e build/stm32f1xx_hal_spi.o
 .comment       0x000000000000001d       0x1e build/stm32f1xx_hal_rcc.o
 .comment       0x000000000000001d       0x1e build/tim.o
 .comment       0x000000000000001d       0x1e build/stm32f1xx_hal_tim_ex.o
 .comment       0x000000000000001d       0x1e build/system_stm32f1xx.o
 .comment       0x000000000000001d       0x1e build/spi.o
 .comment       0x000000000000001d       0x1e build/stm32f1xx_hal_msp.o
 .comment       0x000000000000001d       0x1e build/stm32f1xx_hal_spi_ex.o
 .comment       0x000000000000001d       0x1e build/stm32f1xx_hal_dma.o
 .comment       0x000000000000001d       0x1e build/main.o
 .comment       0x000000000000001d       0x1e build/stm32f1xx_hal.o
 .comment       0x000000000000001d       0x1e build/dma.o
 .comment       0x000000000000001d       0x1e build/stm32f1xx_it.o

.debug_frame    0x0000000000000000     0x1d7c
 .debug_frame   0x0000000000000000       0xe8 build/stm32f1xx_hal_gpio.o
 .debug_frame   0x00000000000000e8      0x13c build/stm32f1xx_hal_cortex.o
 .debug_frame   0x0000000000000224       0x90 build/gpio.o
 .debug_frame   0x00000000000002b4      0xb1c build/stm32f1xx_hal_tim.o
 .debug_frame   0x0000000000000dd0      0x458 build/stm32f1xx_hal_spi.o
 .debug_frame   0x0000000000001228      0x174 build/stm32f1xx_hal_rcc.o
 .debug_frame   0x000000000000139c       0x68 build/tim.o
 .debug_frame   0x0000000000001404      0x3f0 build/stm32f1xx_hal_tim_ex.o
 .debug_frame   0x00000000000017f4       0x30 build/system_stm32f1xx.o
 .debug_frame   0x0000000000001824       0xa4 build/spi.o
 .debug_frame   0x00000000000018c8       0x2c build/stm32f1xx_hal_msp.o
 .debug_frame   0x00000000000018f4       0x40 build/stm32f1xx_hal_spi_ex.o
 .debug_frame   0x0000000000001934      0x120 build/stm32f1xx_hal_dma.o
 .debug_frame   0x0000000000001a54       0x5c build/main.o
 .debug_frame   0x0000000000001ab0      0x174 build/stm32f1xx_hal.o
 .debug_frame   0x0000000000001c24       0x2c build/dma.o
 .debug_frame   0x0000000000001c50      0x100 build/stm32f1xx_it.o
 .debug_frame   0x0000000000001d50       0x2c /usr/lib/gcc/arm-none-eabi/7.1.0/../../../../arm-none-eabi/lib/armv7-m/libc_nano.a(lib_a-init.o)

Cross Reference Table

Symbol                                            File
ADC1_2_IRQHandler                                 build/startup_stm32f103xb.o
AHBPrescTable                                     build/system_stm32f1xx.o
                                                  build/stm32f1xx_hal_rcc.o
APBPrescTable                                     build/system_stm32f1xx.o
                                                  build/stm32f1xx_hal_rcc.o
BusFault_Handler                                  build/stm32f1xx_it.o
CAN1_RX1_IRQHandler                               build/startup_stm32f103xb.o
CAN1_SCE_IRQHandler                               build/startup_stm32f103xb.o
DMA1_Channel1_IRQHandler                          build/startup_stm32f103xb.o
DMA1_Channel2_IRQHandler                          build/startup_stm32f103xb.o
DMA1_Channel3_IRQHandler                          build/stm32f1xx_it.o
DMA1_Channel4_IRQHandler                          build/startup_stm32f103xb.o
DMA1_Channel5_IRQHandler                          build/startup_stm32f103xb.o
DMA1_Channel6_IRQHandler                          build/startup_stm32f103xb.o
DMA1_Channel7_IRQHandler                          build/startup_stm32f103xb.o
DebugMon_Handler                                  build/stm32f1xx_it.o
Default_Handler                                   build/startup_stm32f103xb.o
EXTI0_IRQHandler                                  build/startup_stm32f103xb.o
EXTI15_10_IRQHandler                              build/startup_stm32f103xb.o
EXTI1_IRQHandler                                  build/startup_stm32f103xb.o
EXTI2_IRQHandler                                  build/startup_stm32f103xb.o
EXTI3_IRQHandler                                  build/startup_stm32f103xb.o
EXTI4_IRQHandler                                  build/startup_stm32f103xb.o
EXTI9_5_IRQHandler                                build/startup_stm32f103xb.o
FLASH_IRQHandler                                  build/startup_stm32f103xb.o
FLASH_PageErase                                   build/stm32f1xx_hal_flash_ex.o
                                                  build/stm32f1xx_hal_flash.o
FLASH_WaitForLastOperation                        build/stm32f1xx_hal_flash.o
                                                  build/stm32f1xx_hal_flash_ex.o
HAL_DBGMCU_DisableDBGSleepMode                    build/stm32f1xx_hal.o
HAL_DBGMCU_DisableDBGStandbyMode                  build/stm32f1xx_hal.o
HAL_DBGMCU_DisableDBGStopMode                     build/stm32f1xx_hal.o
HAL_DBGMCU_EnableDBGSleepMode                     build/stm32f1xx_hal.o
HAL_DBGMCU_EnableDBGStandbyMode                   build/stm32f1xx_hal.o
HAL_DBGMCU_EnableDBGStopMode                      build/stm32f1xx_hal.o
HAL_DMA_Abort                                     build/stm32f1xx_hal_dma.o
                                                  build/stm32f1xx_hal_spi.o
                                                  build/stm32f1xx_hal_tim.o
HAL_DMA_DeInit                                    build/stm32f1xx_hal_dma.o
                                                  build/spi.o
HAL_DMA_GetError                                  build/stm32f1xx_hal_dma.o
HAL_DMA_GetState                                  build/stm32f1xx_hal_dma.o
HAL_DMA_IRQHandler                                build/stm32f1xx_hal_dma.o
                                                  build/stm32f1xx_it.o
HAL_DMA_Init                                      build/stm32f1xx_hal_dma.o
                                                  build/spi.o
HAL_DMA_PollForTransfer                           build/stm32f1xx_hal_dma.o
HAL_DMA_Start                                     build/stm32f1xx_hal_dma.o
HAL_DMA_Start_IT                                  build/stm32f1xx_hal_dma.o
                                                  build/stm32f1xx_hal_tim_ex.o
                                                  build/stm32f1xx_hal_spi.o
                                                  build/stm32f1xx_hal_tim.o
HAL_DeInit                                        build/stm32f1xx_hal.o
HAL_Delay                                         build/stm32f1xx_hal.o
                                                  build/main.o
                                                  build/stm32f1xx_hal_rcc.o
HAL_FLASHEx_Erase                                 build/stm32f1xx_hal_flash_ex.o
HAL_FLASHEx_Erase_IT                              build/stm32f1xx_hal_flash_ex.o
HAL_FLASHEx_OBErase                               build/stm32f1xx_hal_flash_ex.o
HAL_FLASHEx_OBGetConfig                           build/stm32f1xx_hal_flash_ex.o
HAL_FLASHEx_OBGetUserData                         build/stm32f1xx_hal_flash_ex.o
HAL_FLASHEx_OBProgram                             build/stm32f1xx_hal_flash_ex.o
HAL_FLASH_EndOfOperationCallback                  build/stm32f1xx_hal_flash.o
HAL_FLASH_GetError                                build/stm32f1xx_hal_flash.o
HAL_FLASH_IRQHandler                              build/stm32f1xx_hal_flash.o
HAL_FLASH_Lock                                    build/stm32f1xx_hal_flash.o
HAL_FLASH_OB_Launch                               build/stm32f1xx_hal_flash.o
HAL_FLASH_OB_Lock                                 build/stm32f1xx_hal_flash.o
HAL_FLASH_OB_Unlock                               build/stm32f1xx_hal_flash.o
HAL_FLASH_OperationErrorCallback                  build/stm32f1xx_hal_flash.o
HAL_FLASH_Program                                 build/stm32f1xx_hal_flash.o
HAL_FLASH_Program_IT                              build/stm32f1xx_hal_flash.o
HAL_FLASH_Unlock                                  build/stm32f1xx_hal_flash.o
HAL_GPIOEx_ConfigEventout                         build/stm32f1xx_hal_gpio_ex.o
HAL_GPIOEx_DisableEventout                        build/stm32f1xx_hal_gpio_ex.o
HAL_GPIOEx_EnableEventout                         build/stm32f1xx_hal_gpio_ex.o
HAL_GPIO_DeInit                                   build/stm32f1xx_hal_gpio.o
                                                  build/spi.o
HAL_GPIO_EXTI_Callback                            build/stm32f1xx_hal_gpio.o
HAL_GPIO_EXTI_IRQHandler                          build/stm32f1xx_hal_gpio.o
HAL_GPIO_Init                                     build/stm32f1xx_hal_gpio.o
                                                  build/spi.o
                                                  build/stm32f1xx_hal_rcc.o
                                                  build/gpio.o
HAL_GPIO_LockPin                                  build/stm32f1xx_hal_gpio.o
HAL_GPIO_ReadPin                                  build/stm32f1xx_hal_gpio.o
HAL_GPIO_TogglePin                                build/stm32f1xx_hal_gpio.o
                                                  build/gpio.o
HAL_GPIO_WritePin                                 build/stm32f1xx_hal_gpio.o
                                                  build/gpio.o
HAL_GetDEVID                                      build/stm32f1xx_hal.o
HAL_GetHalVersion                                 build/stm32f1xx_hal.o
HAL_GetREVID                                      build/stm32f1xx_hal.o
HAL_GetTick                                       build/stm32f1xx_hal.o
                                                  build/stm32f1xx_hal_dma.o
                                                  build/stm32f1xx_hal_rcc_ex.o
                                                  build/stm32f1xx_hal_flash.o
                                                  build/stm32f1xx_hal_rcc.o
                                                  build/stm32f1xx_hal_spi.o
HAL_IncTick                                       build/stm32f1xx_hal.o
                                                  build/stm32f1xx_it.o
HAL_Init                                          build/stm32f1xx_hal.o
                                                  build/main.o
HAL_InitTick                                      build/stm32f1xx_hal.o
                                                  build/stm32f1xx_hal_rcc.o
HAL_MspDeInit                                     build/stm32f1xx_hal.o
HAL_MspInit                                       build/stm32f1xx_hal_msp.o
HAL_NVIC_ClearPendingIRQ                          build/stm32f1xx_hal_cortex.o
HAL_NVIC_DisableIRQ                               build/stm32f1xx_hal_cortex.o
                                                  build/spi.o
                                                  build/tim.o
HAL_NVIC_EnableIRQ                                build/stm32f1xx_hal_cortex.o
                                                  build/dma.o
                                                  build/spi.o
                                                  build/tim.o
HAL_NVIC_GetActive                                build/stm32f1xx_hal_cortex.o
HAL_NVIC_GetPendingIRQ                            build/stm32f1xx_hal_cortex.o
HAL_NVIC_GetPriority                              build/stm32f1xx_hal_cortex.o
HAL_NVIC_GetPriorityGrouping                      build/stm32f1xx_hal_cortex.o
HAL_NVIC_SetPendingIRQ                            build/stm32f1xx_hal_cortex.o
HAL_NVIC_SetPriority                              build/stm32f1xx_hal_cortex.o
                                                  build/dma.o
                                                  build/stm32f1xx_hal.o
                                                  build/main.o
                                                  build/stm32f1xx_hal_msp.o
                                                  build/spi.o
                                                  build/tim.o
HAL_NVIC_SetPriorityGrouping                      build/stm32f1xx_hal_cortex.o
                                                  build/stm32f1xx_hal.o
                                                  build/stm32f1xx_hal_msp.o
HAL_NVIC_SystemReset                              build/stm32f1xx_hal_cortex.o
                                                  build/stm32f1xx_hal_flash.o
HAL_PWR_ConfigPVD                                 build/stm32f1xx_hal_pwr.o
HAL_PWR_DeInit                                    build/stm32f1xx_hal_pwr.o
HAL_PWR_DisableBkUpAccess                         build/stm32f1xx_hal_pwr.o
HAL_PWR_DisablePVD                                build/stm32f1xx_hal_pwr.o
HAL_PWR_DisableSEVOnPend                          build/stm32f1xx_hal_pwr.o
HAL_PWR_DisableSleepOnExit                        build/stm32f1xx_hal_pwr.o
HAL_PWR_DisableWakeUpPin                          build/stm32f1xx_hal_pwr.o
HAL_PWR_EnableBkUpAccess                          build/stm32f1xx_hal_pwr.o
HAL_PWR_EnablePVD                                 build/stm32f1xx_hal_pwr.o
HAL_PWR_EnableSEVOnPend                           build/stm32f1xx_hal_pwr.o
HAL_PWR_EnableSleepOnExit                         build/stm32f1xx_hal_pwr.o
HAL_PWR_EnableWakeUpPin                           build/stm32f1xx_hal_pwr.o
HAL_PWR_EnterSLEEPMode                            build/stm32f1xx_hal_pwr.o
HAL_PWR_EnterSTANDBYMode                          build/stm32f1xx_hal_pwr.o
HAL_PWR_EnterSTOPMode                             build/stm32f1xx_hal_pwr.o
HAL_PWR_PVDCallback                               build/stm32f1xx_hal_pwr.o
HAL_PWR_PVD_IRQHandler                            build/stm32f1xx_hal_pwr.o
HAL_RCCEx_GetPeriphCLKConfig                      build/stm32f1xx_hal_rcc_ex.o
HAL_RCCEx_GetPeriphCLKFreq                        build/stm32f1xx_hal_rcc_ex.o
HAL_RCCEx_PeriphCLKConfig                         build/stm32f1xx_hal_rcc_ex.o
HAL_RCC_CSSCallback                               build/stm32f1xx_hal_rcc.o
HAL_RCC_ClockConfig                               build/stm32f1xx_hal_rcc.o
                                                  build/main.o
HAL_RCC_DeInit                                    build/stm32f1xx_hal_rcc.o
HAL_RCC_DisableCSS                                build/stm32f1xx_hal_rcc.o
HAL_RCC_EnableCSS                                 build/stm32f1xx_hal_rcc.o
HAL_RCC_GetClockConfig                            build/stm32f1xx_hal_rcc.o
HAL_RCC_GetHCLKFreq                               build/stm32f1xx_hal_rcc.o
                                                  build/stm32f1xx_hal.o
                                                  build/main.o
HAL_RCC_GetOscConfig                              build/stm32f1xx_hal_rcc.o
HAL_RCC_GetPCLK1Freq                              build/stm32f1xx_hal_rcc.o
HAL_RCC_GetPCLK2Freq                              build/stm32f1xx_hal_rcc.o
                                                  build/stm32f1xx_hal_rcc_ex.o
HAL_RCC_GetSysClockFreq                           build/stm32f1xx_hal_rcc.o
HAL_RCC_MCOConfig                                 build/stm32f1xx_hal_rcc.o
HAL_RCC_NMI_IRQHandler                            build/stm32f1xx_hal_rcc.o
HAL_RCC_OscConfig                                 build/stm32f1xx_hal_rcc.o
                                                  build/main.o
HAL_ResumeTick                                    build/stm32f1xx_hal.o
HAL_SPI_DMAPause                                  build/stm32f1xx_hal_spi.o
HAL_SPI_DMAResume                                 build/stm32f1xx_hal_spi.o
HAL_SPI_DMAStop                                   build/stm32f1xx_hal_spi.o
HAL_SPI_DeInit                                    build/stm32f1xx_hal_spi.o
HAL_SPI_ErrorCallback                             build/stm32f1xx_hal_spi.o
HAL_SPI_GetError                                  build/stm32f1xx_hal_spi.o
HAL_SPI_GetState                                  build/stm32f1xx_hal_spi.o
HAL_SPI_IRQHandler                                build/stm32f1xx_hal_spi.o
                                                  build/stm32f1xx_it.o
HAL_SPI_Init                                      build/stm32f1xx_hal_spi_ex.o
                                                  build/stm32f1xx_hal_spi.o
                                                  build/spi.o
HAL_SPI_MspDeInit                                 build/spi.o
                                                  build/stm32f1xx_hal_spi.o
HAL_SPI_MspInit                                   build/spi.o
                                                  build/stm32f1xx_hal_spi.o
                                                  build/stm32f1xx_hal_spi_ex.o
HAL_SPI_Receive                                   build/stm32f1xx_hal_spi.o
HAL_SPI_Receive_DMA                               build/stm32f1xx_hal_spi.o
HAL_SPI_Receive_IT                                build/stm32f1xx_hal_spi.o
HAL_SPI_RxCpltCallback                            build/stm32f1xx_hal_spi.o
HAL_SPI_RxHalfCpltCallback                        build/stm32f1xx_hal_spi.o
HAL_SPI_Transmit                                  build/stm32f1xx_hal_spi.o
HAL_SPI_TransmitReceive                           build/stm32f1xx_hal_spi.o
HAL_SPI_TransmitReceive_DMA                       build/stm32f1xx_hal_spi.o
HAL_SPI_TransmitReceive_IT                        build/stm32f1xx_hal_spi.o
HAL_SPI_Transmit_DMA                              build/stm32f1xx_hal_spi.o
                                                  build/spi.o
HAL_SPI_Transmit_IT                               build/stm32f1xx_hal_spi.o
HAL_SPI_TxCpltCallback                            build/spi.o
                                                  build/stm32f1xx_hal_spi.o
HAL_SPI_TxHalfCpltCallback                        build/stm32f1xx_hal_spi.o
HAL_SPI_TxRxCpltCallback                          build/stm32f1xx_hal_spi.o
HAL_SPI_TxRxHalfCpltCallback                      build/stm32f1xx_hal_spi.o
HAL_SYSTICK_CLKSourceConfig                       build/stm32f1xx_hal_cortex.o
                                                  build/main.o
HAL_SYSTICK_Callback                              build/stm32f1xx_hal_cortex.o
HAL_SYSTICK_Config                                build/stm32f1xx_hal_cortex.o
                                                  build/stm32f1xx_hal.o
                                                  build/main.o
HAL_SYSTICK_IRQHandler                            build/stm32f1xx_hal_cortex.o
                                                  build/stm32f1xx_it.o
HAL_SuspendTick                                   build/stm32f1xx_hal.o
HAL_TIMEx_BreakCallback                           build/stm32f1xx_hal_tim_ex.o
                                                  build/stm32f1xx_hal_tim.o
HAL_TIMEx_CommutationCallback                     build/stm32f1xx_hal_tim_ex.o
                                                  build/stm32f1xx_hal_tim.o
HAL_TIMEx_ConfigBreakDeadTime                     build/stm32f1xx_hal_tim_ex.o
HAL_TIMEx_ConfigCommutationEvent                  build/stm32f1xx_hal_tim_ex.o
HAL_TIMEx_ConfigCommutationEvent_DMA              build/stm32f1xx_hal_tim_ex.o
HAL_TIMEx_ConfigCommutationEvent_IT               build/stm32f1xx_hal_tim_ex.o
HAL_TIMEx_HallSensor_DeInit                       build/stm32f1xx_hal_tim_ex.o
HAL_TIMEx_HallSensor_GetState                     build/stm32f1xx_hal_tim_ex.o
HAL_TIMEx_HallSensor_Init                         build/stm32f1xx_hal_tim_ex.o
HAL_TIMEx_HallSensor_MspDeInit                    build/stm32f1xx_hal_tim_ex.o
HAL_TIMEx_HallSensor_MspInit                      build/stm32f1xx_hal_tim_ex.o
HAL_TIMEx_HallSensor_Start                        build/stm32f1xx_hal_tim_ex.o
HAL_TIMEx_HallSensor_Start_DMA                    build/stm32f1xx_hal_tim_ex.o
HAL_TIMEx_HallSensor_Start_IT                     build/stm32f1xx_hal_tim_ex.o
HAL_TIMEx_HallSensor_Stop                         build/stm32f1xx_hal_tim_ex.o
HAL_TIMEx_HallSensor_Stop_DMA                     build/stm32f1xx_hal_tim_ex.o
HAL_TIMEx_HallSensor_Stop_IT                      build/stm32f1xx_hal_tim_ex.o
HAL_TIMEx_MasterConfigSynchronization             build/stm32f1xx_hal_tim_ex.o
                                                  build/tim.o
HAL_TIMEx_OCN_Start                               build/stm32f1xx_hal_tim_ex.o
HAL_TIMEx_OCN_Start_DMA                           build/stm32f1xx_hal_tim_ex.o
HAL_TIMEx_OCN_Start_IT                            build/stm32f1xx_hal_tim_ex.o
HAL_TIMEx_OCN_Stop                                build/stm32f1xx_hal_tim_ex.o
HAL_TIMEx_OCN_Stop_DMA                            build/stm32f1xx_hal_tim_ex.o
HAL_TIMEx_OCN_Stop_IT                             build/stm32f1xx_hal_tim_ex.o
HAL_TIMEx_OnePulseN_Start                         build/stm32f1xx_hal_tim_ex.o
HAL_TIMEx_OnePulseN_Start_IT                      build/stm32f1xx_hal_tim_ex.o
HAL_TIMEx_OnePulseN_Stop                          build/stm32f1xx_hal_tim_ex.o
HAL_TIMEx_OnePulseN_Stop_IT                       build/stm32f1xx_hal_tim_ex.o
HAL_TIMEx_PWMN_Start                              build/stm32f1xx_hal_tim_ex.o
HAL_TIMEx_PWMN_Start_DMA                          build/stm32f1xx_hal_tim_ex.o
HAL_TIMEx_PWMN_Start_IT                           build/stm32f1xx_hal_tim_ex.o
HAL_TIMEx_PWMN_Stop                               build/stm32f1xx_hal_tim_ex.o
HAL_TIMEx_PWMN_Stop_DMA                           build/stm32f1xx_hal_tim_ex.o
HAL_TIMEx_PWMN_Stop_IT                            build/stm32f1xx_hal_tim_ex.o
HAL_TIM_Base_DeInit                               build/stm32f1xx_hal_tim.o
HAL_TIM_Base_GetState                             build/stm32f1xx_hal_tim.o
HAL_TIM_Base_Init                                 build/stm32f1xx_hal_tim.o
                                                  build/tim.o
HAL_TIM_Base_MspDeInit                            build/tim.o
                                                  build/stm32f1xx_hal_tim.o
HAL_TIM_Base_MspInit                              build/tim.o
                                                  build/stm32f1xx_hal_tim.o
HAL_TIM_Base_Start                                build/stm32f1xx_hal_tim.o
HAL_TIM_Base_Start_DMA                            build/stm32f1xx_hal_tim.o
HAL_TIM_Base_Start_IT                             build/stm32f1xx_hal_tim.o
                                                  build/tim.o
HAL_TIM_Base_Stop                                 build/stm32f1xx_hal_tim.o
HAL_TIM_Base_Stop_DMA                             build/stm32f1xx_hal_tim.o
HAL_TIM_Base_Stop_IT                              build/stm32f1xx_hal_tim.o
HAL_TIM_ConfigClockSource                         build/stm32f1xx_hal_tim.o
                                                  build/tim.o
HAL_TIM_ConfigOCrefClear                          build/stm32f1xx_hal_tim.o
HAL_TIM_ConfigTI1Input                            build/stm32f1xx_hal_tim.o
HAL_TIM_DMABurst_ReadStart                        build/stm32f1xx_hal_tim.o
HAL_TIM_DMABurst_ReadStop                         build/stm32f1xx_hal_tim.o
HAL_TIM_DMABurst_WriteStart                       build/stm32f1xx_hal_tim.o
HAL_TIM_DMABurst_WriteStop                        build/stm32f1xx_hal_tim.o
HAL_TIM_Encoder_DeInit                            build/stm32f1xx_hal_tim.o
HAL_TIM_Encoder_GetState                          build/stm32f1xx_hal_tim.o
HAL_TIM_Encoder_Init                              build/stm32f1xx_hal_tim.o
HAL_TIM_Encoder_MspDeInit                         build/stm32f1xx_hal_tim.o
HAL_TIM_Encoder_MspInit                           build/stm32f1xx_hal_tim.o
HAL_TIM_Encoder_Start                             build/stm32f1xx_hal_tim.o
HAL_TIM_Encoder_Start_DMA                         build/stm32f1xx_hal_tim.o
HAL_TIM_Encoder_Start_IT                          build/stm32f1xx_hal_tim.o
HAL_TIM_Encoder_Stop                              build/stm32f1xx_hal_tim.o
HAL_TIM_Encoder_Stop_DMA                          build/stm32f1xx_hal_tim.o
HAL_TIM_Encoder_Stop_IT                           build/stm32f1xx_hal_tim.o
HAL_TIM_ErrorCallback                             build/stm32f1xx_hal_tim.o
HAL_TIM_GenerateEvent                             build/stm32f1xx_hal_tim.o
HAL_TIM_IC_CaptureCallback                        build/stm32f1xx_hal_tim.o
HAL_TIM_IC_ConfigChannel                          build/stm32f1xx_hal_tim.o
HAL_TIM_IC_DeInit                                 build/stm32f1xx_hal_tim.o
HAL_TIM_IC_GetState                               build/stm32f1xx_hal_tim.o
HAL_TIM_IC_Init                                   build/stm32f1xx_hal_tim.o
HAL_TIM_IC_MspDeInit                              build/stm32f1xx_hal_tim.o
HAL_TIM_IC_MspInit                                build/stm32f1xx_hal_tim.o
HAL_TIM_IC_Start                                  build/stm32f1xx_hal_tim.o
HAL_TIM_IC_Start_DMA                              build/stm32f1xx_hal_tim.o
HAL_TIM_IC_Start_IT                               build/stm32f1xx_hal_tim.o
HAL_TIM_IC_Stop                                   build/stm32f1xx_hal_tim.o
HAL_TIM_IC_Stop_DMA                               build/stm32f1xx_hal_tim.o
HAL_TIM_IC_Stop_IT                                build/stm32f1xx_hal_tim.o
HAL_TIM_IRQHandler                                build/stm32f1xx_hal_tim.o
                                                  build/stm32f1xx_it.o
HAL_TIM_OC_ConfigChannel                          build/stm32f1xx_hal_tim.o
HAL_TIM_OC_DeInit                                 build/stm32f1xx_hal_tim.o
HAL_TIM_OC_DelayElapsedCallback                   build/stm32f1xx_hal_tim.o
HAL_TIM_OC_GetState                               build/stm32f1xx_hal_tim.o
HAL_TIM_OC_Init                                   build/stm32f1xx_hal_tim.o
HAL_TIM_OC_MspDeInit                              build/stm32f1xx_hal_tim.o
HAL_TIM_OC_MspInit                                build/stm32f1xx_hal_tim.o
HAL_TIM_OC_Start                                  build/stm32f1xx_hal_tim.o
HAL_TIM_OC_Start_DMA                              build/stm32f1xx_hal_tim.o
HAL_TIM_OC_Start_IT                               build/stm32f1xx_hal_tim.o
HAL_TIM_OC_Stop                                   build/stm32f1xx_hal_tim.o
HAL_TIM_OC_Stop_DMA                               build/stm32f1xx_hal_tim.o
HAL_TIM_OC_Stop_IT                                build/stm32f1xx_hal_tim.o
HAL_TIM_OnePulse_ConfigChannel                    build/stm32f1xx_hal_tim.o
HAL_TIM_OnePulse_DeInit                           build/stm32f1xx_hal_tim.o
HAL_TIM_OnePulse_GetState                         build/stm32f1xx_hal_tim.o
HAL_TIM_OnePulse_Init                             build/stm32f1xx_hal_tim.o
HAL_TIM_OnePulse_MspDeInit                        build/stm32f1xx_hal_tim.o
HAL_TIM_OnePulse_MspInit                          build/stm32f1xx_hal_tim.o
HAL_TIM_OnePulse_Start                            build/stm32f1xx_hal_tim.o
HAL_TIM_OnePulse_Start_IT                         build/stm32f1xx_hal_tim.o
HAL_TIM_OnePulse_Stop                             build/stm32f1xx_hal_tim.o
HAL_TIM_OnePulse_Stop_IT                          build/stm32f1xx_hal_tim.o
HAL_TIM_PWM_ConfigChannel                         build/stm32f1xx_hal_tim.o
HAL_TIM_PWM_DeInit                                build/stm32f1xx_hal_tim.o
HAL_TIM_PWM_GetState                              build/stm32f1xx_hal_tim.o
HAL_TIM_PWM_Init                                  build/stm32f1xx_hal_tim.o
HAL_TIM_PWM_MspDeInit                             build/stm32f1xx_hal_tim.o
HAL_TIM_PWM_MspInit                               build/stm32f1xx_hal_tim.o
HAL_TIM_PWM_PulseFinishedCallback                 build/stm32f1xx_hal_tim.o
HAL_TIM_PWM_Start                                 build/stm32f1xx_hal_tim.o
HAL_TIM_PWM_Start_DMA                             build/stm32f1xx_hal_tim.o
HAL_TIM_PWM_Start_IT                              build/stm32f1xx_hal_tim.o
HAL_TIM_PWM_Stop                                  build/stm32f1xx_hal_tim.o
HAL_TIM_PWM_Stop_DMA                              build/stm32f1xx_hal_tim.o
HAL_TIM_PWM_Stop_IT                               build/stm32f1xx_hal_tim.o
HAL_TIM_PeriodElapsedCallback                     build/stm32f1xx_hal_tim.o
HAL_TIM_ReadCapturedValue                         build/stm32f1xx_hal_tim.o
HAL_TIM_SlaveConfigSynchronization                build/stm32f1xx_hal_tim.o
HAL_TIM_SlaveConfigSynchronization_IT             build/stm32f1xx_hal_tim.o
HAL_TIM_TriggerCallback                           build/stm32f1xx_hal_tim.o
HardFault_Handler                                 build/stm32f1xx_it.o
I2C1_ER_IRQHandler                                build/startup_stm32f103xb.o
I2C1_EV_IRQHandler                                build/startup_stm32f103xb.o
I2C2_ER_IRQHandler                                build/startup_stm32f103xb.o
I2C2_EV_IRQHandler                                build/startup_stm32f103xb.o
MX_DMA_Init                                       build/dma.o
                                                  build/main.o
MX_GPIO_Init                                      build/gpio.o
                                                  build/main.o
MX_SPI1_Init                                      build/spi.o
                                                  build/main.o
MX_TIM4_Init                                      build/tim.o
                                                  build/main.o
MemManage_Handler                                 build/stm32f1xx_it.o
NMI_Handler                                       build/stm32f1xx_it.o
PVD_IRQHandler                                    build/startup_stm32f103xb.o
PendSV_Handler                                    build/stm32f1xx_it.o
RCC_IRQHandler                                    build/startup_stm32f103xb.o
RTC_Alarm_IRQHandler                              build/startup_stm32f103xb.o
RTC_IRQHandler                                    build/startup_stm32f103xb.o
Reset_Handler                                     build/startup_stm32f103xb.o
SPI1_IRQHandler                                   build/stm32f1xx_it.o
SPI2_IRQHandler                                   build/startup_stm32f103xb.o
SPI_ISCRCErrorValid                               build/stm32f1xx_hal_spi_ex.o
                                                  build/stm32f1xx_hal_spi.o
SVC_Handler                                       build/stm32f1xx_it.o
SysTick_Handler                                   build/stm32f1xx_it.o
SystemClock_Config                                build/main.o
SystemCoreClock                                   build/system_stm32f1xx.o
                                                  build/stm32f1xx_hal_rcc.o
SystemCoreClockUpdate                             build/system_stm32f1xx.o
SystemInit                                        build/system_stm32f1xx.o
                                                  build/startup_stm32f103xb.o
TAMPER_IRQHandler                                 build/startup_stm32f103xb.o
TIM1_BRK_IRQHandler                               build/startup_stm32f103xb.o
TIM1_CC_IRQHandler                                build/startup_stm32f103xb.o
TIM1_TRG_COM_IRQHandler                           build/startup_stm32f103xb.o
TIM1_UP_IRQHandler                                build/startup_stm32f103xb.o
TIM2_IRQHandler                                   build/startup_stm32f103xb.o
TIM3_IRQHandler                                   build/startup_stm32f103xb.o
TIM4_IRQHandler                                   build/stm32f1xx_it.o
TIMEx_DMACommutationCplt                          build/stm32f1xx_hal_tim_ex.o
                                                  build/stm32f1xx_hal_tim.o
TIM_Base_SetConfig                                build/stm32f1xx_hal_tim.o
                                                  build/stm32f1xx_hal_tim_ex.o
TIM_CCxChannelCmd                                 build/stm32f1xx_hal_tim.o
                                                  build/stm32f1xx_hal_tim_ex.o
TIM_DMACaptureCplt                                build/stm32f1xx_hal_tim.o
                                                  build/stm32f1xx_hal_tim_ex.o
TIM_DMADelayPulseCplt                             build/stm32f1xx_hal_tim.o
                                                  build/stm32f1xx_hal_tim_ex.o
TIM_DMAError                                      build/stm32f1xx_hal_tim.o
                                                  build/stm32f1xx_hal_tim_ex.o
TIM_OC2_SetConfig                                 build/stm32f1xx_hal_tim.o
                                                  build/stm32f1xx_hal_tim_ex.o
TIM_TI1_SetConfig                                 build/stm32f1xx_hal_tim.o
                                                  build/stm32f1xx_hal_tim_ex.o
USART1_IRQHandler                                 build/startup_stm32f103xb.o
USART2_IRQHandler                                 build/startup_stm32f103xb.o
USART3_IRQHandler                                 build/startup_stm32f103xb.o
USBWakeUp_IRQHandler                              build/startup_stm32f103xb.o
USB_HP_CAN1_TX_IRQHandler                         build/startup_stm32f103xb.o
USB_LP_CAN1_RX0_IRQHandler                        build/startup_stm32f103xb.o
UsageFault_Handler                                build/stm32f1xx_it.o
WWDG_IRQHandler                                   build/startup_stm32f103xb.o
_Error_Handler                                    build/main.o
                                                  build/spi.o
                                                  build/tim.o
__atexit_dummy                                    /usr/lib/gcc/arm-none-eabi/7.1.0/../../../../arm-none-eabi/lib/armv7-m/libc_nano.a(lib_a-__atexit.o)
__bss_end__                                       /usr/lib/gcc/arm-none-eabi/7.1.0/../../../../arm-none-eabi/lib/armv7-m/crt0.o
__bss_start__                                     /usr/lib/gcc/arm-none-eabi/7.1.0/../../../../arm-none-eabi/lib/armv7-m/crt0.o
__call_exitprocs                                  /usr/lib/gcc/arm-none-eabi/7.1.0/../../../../arm-none-eabi/lib/armv7-m/libc_nano.a(lib_a-__call_atexit.o)
                                                  /usr/lib/gcc/arm-none-eabi/7.1.0/../../../../arm-none-eabi/lib/armv7-m/libc_nano.a(lib_a-__atexit.o)
                                                  /usr/lib/gcc/arm-none-eabi/7.1.0/../../../../arm-none-eabi/lib/armv7-m/libc_nano.a(lib_a-exit.o)
__deregister_frame_info                           /usr/lib/gcc/arm-none-eabi/7.1.0/armv7-m/crtbegin.o
__dso_handle                                      /usr/lib/gcc/arm-none-eabi/7.1.0/armv7-m/crtbegin.o
__fini_array_end                                  /usr/lib/gcc/arm-none-eabi/7.1.0/../../../../arm-none-eabi/lib/armv7-m/libc_nano.a(lib_a-fini.o)
__fini_array_start                                /usr/lib/gcc/arm-none-eabi/7.1.0/../../../../arm-none-eabi/lib/armv7-m/libc_nano.a(lib_a-fini.o)
__init_array_end                                  /usr/lib/gcc/arm-none-eabi/7.1.0/../../../../arm-none-eabi/lib/armv7-m/libc_nano.a(lib_a-init.o)
__init_array_start                                /usr/lib/gcc/arm-none-eabi/7.1.0/../../../../arm-none-eabi/lib/armv7-m/libc_nano.a(lib_a-init.o)
__libc_fini_array                                 /usr/lib/gcc/arm-none-eabi/7.1.0/../../../../arm-none-eabi/lib/armv7-m/libc_nano.a(lib_a-fini.o)
                                                  /usr/lib/gcc/arm-none-eabi/7.1.0/../../../../arm-none-eabi/lib/armv7-m/crt0.o
__libc_init_array                                 /usr/lib/gcc/arm-none-eabi/7.1.0/../../../../arm-none-eabi/lib/armv7-m/libc_nano.a(lib_a-init.o)
                                                  build/startup_stm32f103xb.o
                                                  /usr/lib/gcc/arm-none-eabi/7.1.0/../../../../arm-none-eabi/lib/armv7-m/crt0.o
__on_exit_args                                    /usr/lib/gcc/arm-none-eabi/7.1.0/../../../../arm-none-eabi/lib/armv7-m/libc_nano.a(lib_a-__atexit.o)
__preinit_array_end                               /usr/lib/gcc/arm-none-eabi/7.1.0/../../../../arm-none-eabi/lib/armv7-m/libc_nano.a(lib_a-init.o)
__preinit_array_start                             /usr/lib/gcc/arm-none-eabi/7.1.0/../../../../arm-none-eabi/lib/armv7-m/libc_nano.a(lib_a-init.o)
__register_exitproc                               /usr/lib/gcc/arm-none-eabi/7.1.0/../../../../arm-none-eabi/lib/armv7-m/libc_nano.a(lib_a-__atexit.o)
                                                  /usr/lib/gcc/arm-none-eabi/7.1.0/../../../../arm-none-eabi/lib/armv7-m/libc_nano.a(lib_a-atexit.o)
__register_frame_info                             /usr/lib/gcc/arm-none-eabi/7.1.0/armv7-m/crtbegin.o
__sf_fake_stderr                                  /usr/lib/gcc/arm-none-eabi/7.1.0/../../../../arm-none-eabi/lib/armv7-m/libc_nano.a(lib_a-impure.o)
__sf_fake_stdin                                   /usr/lib/gcc/arm-none-eabi/7.1.0/../../../../arm-none-eabi/lib/armv7-m/libc_nano.a(lib_a-impure.o)
__sf_fake_stdout                                  /usr/lib/gcc/arm-none-eabi/7.1.0/../../../../arm-none-eabi/lib/armv7-m/libc_nano.a(lib_a-impure.o)
__stack                                           /usr/lib/gcc/arm-none-eabi/7.1.0/../../../../arm-none-eabi/lib/armv7-m/crt0.o
_ebss                                             build/startup_stm32f103xb.o
_edata                                            build/startup_stm32f103xb.o
_estack                                           build/startup_stm32f103xb.o
_exit                                             /usr/lib/gcc/arm-none-eabi/7.1.0/../../../../arm-none-eabi/lib/armv7-m/libnosys.a(_exit.o)
                                                  /usr/lib/gcc/arm-none-eabi/7.1.0/../../../../arm-none-eabi/lib/armv7-m/libc_nano.a(lib_a-exit.o)
_fini                                             /usr/lib/gcc/arm-none-eabi/7.1.0/armv7-m/crti.o
                                                  /usr/lib/gcc/arm-none-eabi/7.1.0/../../../../arm-none-eabi/lib/armv7-m/libc_nano.a(lib_a-fini.o)
_global_atexit                                    /usr/lib/gcc/arm-none-eabi/7.1.0/../../../../arm-none-eabi/lib/armv7-m/libc_nano.a(lib_a-__call_atexit.o)
                                                  /usr/lib/gcc/arm-none-eabi/7.1.0/../../../../arm-none-eabi/lib/armv7-m/libc_nano.a(lib_a-__atexit.o)
_global_impure_ptr                                /usr/lib/gcc/arm-none-eabi/7.1.0/../../../../arm-none-eabi/lib/armv7-m/libc_nano.a(lib_a-impure.o)
                                                  /usr/lib/gcc/arm-none-eabi/7.1.0/../../../../arm-none-eabi/lib/armv7-m/libc_nano.a(lib_a-exit.o)
_impure_ptr                                       /usr/lib/gcc/arm-none-eabi/7.1.0/../../../../arm-none-eabi/lib/armv7-m/libc_nano.a(lib_a-impure.o)
_init                                             /usr/lib/gcc/arm-none-eabi/7.1.0/armv7-m/crti.o
                                                  /usr/lib/gcc/arm-none-eabi/7.1.0/../../../../arm-none-eabi/lib/armv7-m/libc_nano.a(lib_a-init.o)
_mainCRTStartup                                   /usr/lib/gcc/arm-none-eabi/7.1.0/../../../../arm-none-eabi/lib/armv7-m/crt0.o
_sbss                                             build/startup_stm32f103xb.o
_sdata                                            build/startup_stm32f103xb.o
_sidata                                           build/startup_stm32f103xb.o
_start                                            /usr/lib/gcc/arm-none-eabi/7.1.0/../../../../arm-none-eabi/lib/armv7-m/crt0.o
atexit                                            /usr/lib/gcc/arm-none-eabi/7.1.0/../../../../arm-none-eabi/lib/armv7-m/libc_nano.a(lib_a-atexit.o)
                                                  /usr/lib/gcc/arm-none-eabi/7.1.0/../../../../arm-none-eabi/lib/armv7-m/crt0.o
exit                                              /usr/lib/gcc/arm-none-eabi/7.1.0/../../../../arm-none-eabi/lib/armv7-m/libc_nano.a(lib_a-exit.o)
                                                  /usr/lib/gcc/arm-none-eabi/7.1.0/../../../../arm-none-eabi/lib/armv7-m/crt0.o
free                                              /usr/lib/gcc/arm-none-eabi/7.1.0/../../../../arm-none-eabi/lib/armv7-m/libc_nano.a(lib_a-__call_atexit.o)
g_pfnVectors                                      build/startup_stm32f103xb.o
gpio_latch                                        build/gpio.o
                                                  build/spi.o
gpio_layer                                        build/gpio.o
gpio_toggle_led                                   build/gpio.o
                                                  build/stm32f1xx_it.o
hardware_init_hook                                /usr/lib/gcc/arm-none-eabi/7.1.0/../../../../arm-none-eabi/lib/armv7-m/crt0.o
hdma_spi1_tx                                      build/spi.o
                                                  build/stm32f1xx_it.o
hspi1                                             build/spi.o
                                                  build/stm32f1xx_it.o
htim4                                             build/tim.o
                                                  build/stm32f1xx_it.o
idx                                               build/stm32f1xx_it.o
main                                              build/main.o
                                                  build/startup_stm32f103xb.o
                                                  /usr/lib/gcc/arm-none-eabi/7.1.0/../../../../arm-none-eabi/lib/armv7-m/crt0.o
malloc                                            /usr/lib/gcc/arm-none-eabi/7.1.0/../../../../arm-none-eabi/lib/armv7-m/libc_nano.a(lib_a-__atexit.o)
memset                                            /usr/lib/gcc/arm-none-eabi/7.1.0/../../../../arm-none-eabi/lib/armv7-m/libc_nano.a(lib_a-memset.o)
                                                  /usr/lib/gcc/arm-none-eabi/7.1.0/../../../../arm-none-eabi/lib/armv7-m/crt0.o
pFlash                                            build/stm32f1xx_hal_flash.o
                                                  build/stm32f1xx_hal_flash_ex.o
send_data                                         build/spi.o
                                                  build/main.o
software_init_hook                                /usr/lib/gcc/arm-none-eabi/7.1.0/../../../../arm-none-eabi/lib/armv7-m/crt0.o
uCRCErrorWorkaroundCheck                          build/stm32f1xx_hal_spi_ex.o
